Archive member included to satisfy reference by file (symbol)

/home/ethan/Documents/Personal/Programming/OS/toolchain/i686-elf/bin/../lib/gcc/i686-elf/11.1.0/libgcc.a(_udivdi3.o)
                              /home/ethan/Documents/Personal/Programming/OS/build/full/c/stdio.obj (__udivdi3)
/home/ethan/Documents/Personal/Programming/OS/toolchain/i686-elf/bin/../lib/gcc/i686-elf/11.1.0/libgcc.a(_umoddi3.o)
                              /home/ethan/Documents/Personal/Programming/OS/build/full/c/stdio.obj (__umoddi3)

Memory Configuration

Name             Origin             Length             Attributes
*default*        0x0000000000000000 0xffffffffffffffff

Linker script and memory map

LOAD /home/ethan/Documents/Personal/Programming/OS/build/full/asm/entry.obj
LOAD /home/ethan/Documents/Personal/Programming/OS/build/full/asm/x86.obj
LOAD /home/ethan/Documents/Personal/Programming/OS/build/full/c/main.obj
LOAD /home/ethan/Documents/Personal/Programming/OS/build/full/c/stdio.obj
LOAD /home/ethan/Documents/Personal/Programming/OS/toolchain/i686-elf/bin/../lib/gcc/i686-elf/11.1.0/libgcc.a
                0x0000000000000500                phyAddr = 0x500
                0x0000000000000500                . = phyAddr

.entry          0x0000000000000500       0xc0
                0x0000000000000500                __entry_start = .
 *(.entry)
 .entry         0x0000000000000500       0xc0 /home/ethan/Documents/Personal/Programming/OS/build/full/asm/entry.obj
                0x0000000000000500                entry

.text           0x00000000000005c0      0xd00
                0x00000000000005c0                __text_start = .
 *(.text)
 .text          0x00000000000005c0      0x1a5 /home/ethan/Documents/Personal/Programming/OS/build/full/asm/x86.obj
                0x00000000000005c0                x86_outb
                0x00000000000005cb                x86_inb
                0x00000000000005d4                x86_Disk_GetDriveParams
                0x0000000000000697                x86_Disk_Reset
                0x00000000000006e7                x86_Disk_Read
 .text          0x0000000000000765       0x44 /home/ethan/Documents/Personal/Programming/OS/build/full/c/main.obj
                0x0000000000000765                start
 .text          0x00000000000007a9      0x891 /home/ethan/Documents/Personal/Programming/OS/build/full/c/stdio.obj
                0x00000000000007a9                putchr
                0x00000000000007d8                putcolor
                0x000000000000080a                getchr
                0x000000000000082c                getcolor
                0x0000000000000851                setcursor
                0x00000000000008c2                clrscr
                0x0000000000000950                scrollback
                0x0000000000000a3e                putc
                0x0000000000000b4b                puts
                0x0000000000000b7a                printf_unsigned
                0x0000000000000c33                printf_signed
                0x0000000000000c90                printf
                0x0000000000000fa1                print_buffer
 *fill*         0x000000000000103a        0x6 
 .text          0x0000000000001040      0x12a /home/ethan/Documents/Personal/Programming/OS/toolchain/i686-elf/bin/../lib/gcc/i686-elf/11.1.0/libgcc.a(_udivdi3.o)
                0x0000000000001040                __udivdi3
 *fill*         0x000000000000116a        0x6 
 .text          0x0000000000001170      0x150 /home/ethan/Documents/Personal/Programming/OS/toolchain/i686-elf/bin/../lib/gcc/i686-elf/11.1.0/libgcc.a(_umoddi3.o)
                0x0000000000001170                __umoddi3

.data           0x00000000000012c0        0x4
                0x00000000000012c0                __data_start = .
 *(.data)
 .data          0x00000000000012c0        0x0 /home/ethan/Documents/Personal/Programming/OS/build/full/c/main.obj
 .data          0x00000000000012c0        0x4 /home/ethan/Documents/Personal/Programming/OS/build/full/c/stdio.obj
                0x00000000000012c0                g_ScreenBuffer
 .data          0x00000000000012c4        0x0 /home/ethan/Documents/Personal/Programming/OS/toolchain/i686-elf/bin/../lib/gcc/i686-elf/11.1.0/libgcc.a(_udivdi3.o)
 .data          0x00000000000012c4        0x0 /home/ethan/Documents/Personal/Programming/OS/toolchain/i686-elf/bin/../lib/gcc/i686-elf/11.1.0/libgcc.a(_umoddi3.o)

.rodata         0x00000000000012c4      0x11e
                0x00000000000012c4                __rodata_start = .
 *(.rodata)
 .rodata        0x00000000000012c4       0x63 /home/ethan/Documents/Personal/Programming/OS/build/full/c/main.obj
 *fill*         0x0000000000001327        0x1 
 .rodata        0x0000000000001328       0xba /home/ethan/Documents/Personal/Programming/OS/build/full/c/stdio.obj
                0x0000000000001328                SCREEN_WIDTH
                0x000000000000132c                SCREEN_HEIGHT
                0x0000000000001330                DEFAULT_COLOR
                0x0000000000001334                g_HexChars

.eh_frame       0x00000000000013e4       0xd8
 .eh_frame      0x00000000000013e4       0x64 /home/ethan/Documents/Personal/Programming/OS/toolchain/i686-elf/bin/../lib/gcc/i686-elf/11.1.0/libgcc.a(_udivdi3.o)
 .eh_frame      0x0000000000001448       0x74 /home/ethan/Documents/Personal/Programming/OS/toolchain/i686-elf/bin/../lib/gcc/i686-elf/11.1.0/libgcc.a(_umoddi3.o)

.bss            0x00000000000014bc        0x8
                0x00000000000014bc                __bss_start = .
 *(.bss)
 .bss           0x00000000000014bc        0x0 /home/ethan/Documents/Personal/Programming/OS/build/full/c/main.obj
 .bss           0x00000000000014bc        0x8 /home/ethan/Documents/Personal/Programming/OS/build/full/c/stdio.obj
                0x00000000000014bc                g_ScreenX
                0x00000000000014c0                g_ScreenY
 .bss           0x00000000000014c4        0x0 /home/ethan/Documents/Personal/Programming/OS/toolchain/i686-elf/bin/../lib/gcc/i686-elf/11.1.0/libgcc.a(_udivdi3.o)
 .bss           0x00000000000014c4        0x0 /home/ethan/Documents/Personal/Programming/OS/toolchain/i686-elf/bin/../lib/gcc/i686-elf/11.1.0/libgcc.a(_umoddi3.o)
                0x00000000000014c4                __end = .
OUTPUT(/home/ethan/Documents/Personal/Programming/OS/build/full.bin binary)

.debug_info     0x0000000000000000      0xc8a
 .debug_info    0x0000000000000000       0xce /home/ethan/Documents/Personal/Programming/OS/build/full/c/main.obj
 .debug_info    0x00000000000000ce      0x54d /home/ethan/Documents/Personal/Programming/OS/build/full/c/stdio.obj
 .debug_info    0x000000000000061b      0x32c /home/ethan/Documents/Personal/Programming/OS/toolchain/i686-elf/bin/../lib/gcc/i686-elf/11.1.0/libgcc.a(_udivdi3.o)
 .debug_info    0x0000000000000947      0x343 /home/ethan/Documents/Personal/Programming/OS/toolchain/i686-elf/bin/../lib/gcc/i686-elf/11.1.0/libgcc.a(_umoddi3.o)

.debug_abbrev   0x0000000000000000      0x569
 .debug_abbrev  0x0000000000000000       0xa7 /home/ethan/Documents/Personal/Programming/OS/build/full/c/main.obj
 .debug_abbrev  0x00000000000000a7      0x1f6 /home/ethan/Documents/Personal/Programming/OS/build/full/c/stdio.obj
 .debug_abbrev  0x000000000000029d      0x15b /home/ethan/Documents/Personal/Programming/OS/toolchain/i686-elf/bin/../lib/gcc/i686-elf/11.1.0/libgcc.a(_udivdi3.o)
 .debug_abbrev  0x00000000000003f8      0x171 /home/ethan/Documents/Personal/Programming/OS/toolchain/i686-elf/bin/../lib/gcc/i686-elf/11.1.0/libgcc.a(_umoddi3.o)

.debug_aranges  0x0000000000000000       0x80
 .debug_aranges
                0x0000000000000000       0x20 /home/ethan/Documents/Personal/Programming/OS/build/full/c/main.obj
 .debug_aranges
                0x0000000000000020       0x20 /home/ethan/Documents/Personal/Programming/OS/build/full/c/stdio.obj
 .debug_aranges
                0x0000000000000040       0x20 /home/ethan/Documents/Personal/Programming/OS/toolchain/i686-elf/bin/../lib/gcc/i686-elf/11.1.0/libgcc.a(_udivdi3.o)
 .debug_aranges
                0x0000000000000060       0x20 /home/ethan/Documents/Personal/Programming/OS/toolchain/i686-elf/bin/../lib/gcc/i686-elf/11.1.0/libgcc.a(_umoddi3.o)

.debug_line     0x0000000000000000      0x76a
 .debug_line    0x0000000000000000       0x5e /home/ethan/Documents/Personal/Programming/OS/build/full/c/main.obj
 .debug_line    0x000000000000005e      0x3be /home/ethan/Documents/Personal/Programming/OS/build/full/c/stdio.obj
 .debug_line    0x000000000000041c      0x179 /home/ethan/Documents/Personal/Programming/OS/toolchain/i686-elf/bin/../lib/gcc/i686-elf/11.1.0/libgcc.a(_udivdi3.o)
 .debug_line    0x0000000000000595      0x1d5 /home/ethan/Documents/Personal/Programming/OS/toolchain/i686-elf/bin/../lib/gcc/i686-elf/11.1.0/libgcc.a(_umoddi3.o)

.debug_str      0x0000000000000000      0x70f
 .debug_str     0x0000000000000000       0xfb /home/ethan/Documents/Personal/Programming/OS/build/full/c/main.obj
 .debug_str     0x00000000000000fb      0x24e /home/ethan/Documents/Personal/Programming/OS/build/full/c/stdio.obj
 .debug_str     0x0000000000000349      0x1e3 /home/ethan/Documents/Personal/Programming/OS/toolchain/i686-elf/bin/../lib/gcc/i686-elf/11.1.0/libgcc.a(_udivdi3.o)
 .debug_str     0x000000000000052c      0x1e3 /home/ethan/Documents/Personal/Programming/OS/toolchain/i686-elf/bin/../lib/gcc/i686-elf/11.1.0/libgcc.a(_umoddi3.o)

.debug_line_str
                0x0000000000000000      0x3da
 .debug_line_str
                0x0000000000000000      0x10f /home/ethan/Documents/Personal/Programming/OS/build/full/c/main.obj
 .debug_line_str
                0x000000000000010f      0x119 /home/ethan/Documents/Personal/Programming/OS/build/full/c/stdio.obj
 .debug_line_str
                0x0000000000000228       0xd9 /home/ethan/Documents/Personal/Programming/OS/toolchain/i686-elf/bin/../lib/gcc/i686-elf/11.1.0/libgcc.a(_udivdi3.o)
 .debug_line_str
                0x0000000000000301       0xd9 /home/ethan/Documents/Personal/Programming/OS/toolchain/i686-elf/bin/../lib/gcc/i686-elf/11.1.0/libgcc.a(_umoddi3.o)

.comment        0x0000000000000000       0x4c
 .comment       0x0000000000000000       0x13 /home/ethan/Documents/Personal/Programming/OS/build/full/c/main.obj
 .comment       0x0000000000000013       0x13 /home/ethan/Documents/Personal/Programming/OS/build/full/c/stdio.obj
 .comment       0x0000000000000026       0x13 /home/ethan/Documents/Personal/Programming/OS/toolchain/i686-elf/bin/../lib/gcc/i686-elf/11.1.0/libgcc.a(_udivdi3.o)
 .comment       0x0000000000000039       0x13 /home/ethan/Documents/Personal/Programming/OS/toolchain/i686-elf/bin/../lib/gcc/i686-elf/11.1.0/libgcc.a(_umoddi3.o)

.debug_frame    0x0000000000000000      0x1ec
 .debug_frame   0x0000000000000000       0x2c /home/ethan/Documents/Personal/Programming/OS/build/full/c/main.obj
 .debug_frame   0x000000000000002c      0x1c0 /home/ethan/Documents/Personal/Programming/OS/build/full/c/stdio.obj

.debug_loclists
                0x0000000000000000      0x9a0
 .debug_loclists
                0x0000000000000000      0x50b /home/ethan/Documents/Personal/Programming/OS/toolchain/i686-elf/bin/../lib/gcc/i686-elf/11.1.0/libgcc.a(_udivdi3.o)
 .debug_loclists
                0x000000000000050b      0x495 /home/ethan/Documents/Personal/Programming/OS/toolchain/i686-elf/bin/../lib/gcc/i686-elf/11.1.0/libgcc.a(_umoddi3.o)

.debug_rnglists
                0x0000000000000000       0x4a
 .debug_rnglists
                0x0000000000000000       0x2a /home/ethan/Documents/Personal/Programming/OS/toolchain/i686-elf/bin/../lib/gcc/i686-elf/11.1.0/libgcc.a(_udivdi3.o)
 .debug_rnglists
                0x000000000000002a       0x20 /home/ethan/Documents/Personal/Programming/OS/toolchain/i686-elf/bin/../lib/gcc/i686-elf/11.1.0/libgcc.a(_umoddi3.o)
